// Jest Snapshot v1, https://goo.gl/fbAQLP

exports[`Snapshot Testing Lightbox renders properly" 1`] = `
<ReactImageLightbox
  animationDisabled={false}
  animationDuration={300}
  animationOnKeyInput={false}
  clickOutsideToClose={true}
  closeLabel="Close lightbox"
  discourageDownloads={false}
  enableZoom={true}
  footerChildren={null}
  headerChildren={null}
  imageCaption={null}
  imageCrossOrigin={null}
  imageLoadErrorMessage="This image failed to load"
  imagePadding={10}
  imageTitle={null}
  keyRepeatKeyupBonus={40}
  keyRepeatLimit={180}
  mainSrc="/fake/image/src.jpg"
  mainSrcThumbnail={null}
  nextLabel="Next image"
  nextSrc={null}
  nextSrcThumbnail={null}
  onAfterOpen={[Function]}
  onCloseRequest={[Function]}
  onImageLoad={[Function]}
  onImageLoadError={[Function]}
  onMoveNextRequest={[Function]}
  onMovePrevRequest={[Function]}
  prevLabel="Previous image"
  prevSrc={null}
  prevSrcThumbnail={null}
  reactModalProps={
    Object {
      "appElement": <div
        aria-hidden="true"
      />,
    }
  }
  reactModalStyle={Object {}}
  toolbarButtons={null}
  wrapperClassName=""
  zoomInLabel="Zoom in"
  zoomOutLabel="Zoom out"
>
  <Modal
    appElement={
      <div
        aria-hidden="true"
      />
    }
    ariaHideApp={true}
    bodyOpenClassName="ReactModal__Body--open"
    closeTimeoutMS={0}
    contentLabel="Lightbox"
    isOpen={true}
    onAfterOpen={[Function]}
    onRequestClose={[Function]}
    parentSelector={[Function]}
    portalClassName="ReactModalPortal"
    role="dialog"
    shouldCloseOnEsc={true}
    shouldCloseOnOverlayClick={true}
    shouldFocusAfterRender={true}
    shouldReturnFocusAfterClose={true}
    style={
      Object {
        "content": Object {
          "backgroundColor": "transparent",
          "border": "none",
          "borderRadius": 0,
          "bottom": 0,
          "left": 0,
          "overflow": "hidden",
          "padding": 0,
          "right": 0,
          "top": 0,
        },
        "overlay": Object {
          "backgroundColor": "transparent",
          "zIndex": 1000,
        },
      }
    }
  >
    <Portal
      containerInfo={
        <div
          class="ReactModalPortal"
        >
          <div
            class="ReactModal__Overlay ReactModal__Overlay--after-open"
            style="position: fixed; top: 0px; left: 0px; right: 0px; bottom: 0px; background-color: transparent; z-index: 1000;"
          >
            <div
              aria-label="Lightbox"
              class="ReactModal__Content ReactModal__Content--after-open"
              role="dialog"
              style="position: absolute; top: 0px; left: 0px; right: 0px; bottom: 0px; background: rgb(255, 255, 255); overflow: hidden; border-radius: 0; outline: none; padding: 0px; background-color: transparent;"
              tabindex="-1"
            >
              <div
                class="ril-outer ril__outer ril__outerAnimating  "
                tabindex="-1"
              >
                <div
                  class="ril-inner ril__inner"
                >
                  <div
                    class="ril-image-current ril__image ril-not-loaded"
                    style="transform: scale3d(1,1,1);"
                  >
                    <div
                      class="ril__loadingContainer"
                    >
                      <div
                        class="ril-loading-circle ril__loadingCircle ril__loadingContainer__icon"
                      >
                        <div
                          class="ril-loading-circle-point ril__loadingCirclePoint"
                        />
                        <div
                          class="ril-loading-circle-point ril__loadingCirclePoint"
                        />
                        <div
                          class="ril-loading-circle-point ril__loadingCirclePoint"
                        />
                        <div
                          class="ril-loading-circle-point ril__loadingCirclePoint"
                        />
                        <div
                          class="ril-loading-circle-point ril__loadingCirclePoint"
                        />
                        <div
                          class="ril-loading-circle-point ril__loadingCirclePoint"
                        />
                        <div
                          class="ril-loading-circle-point ril__loadingCirclePoint"
                        />
                        <div
                          class="ril-loading-circle-point ril__loadingCirclePoint"
                        />
                        <div
                          class="ril-loading-circle-point ril__loadingCirclePoint"
                        />
                        <div
                          class="ril-loading-circle-point ril__loadingCirclePoint"
                        />
                        <div
                          class="ril-loading-circle-point ril__loadingCirclePoint"
                        />
                        <div
                          class="ril-loading-circle-point ril__loadingCirclePoint"
                        />
                      </div>
                    </div>
                  </div>
                </div>
                <div
                  class="ril-toolbar ril__toolbar"
                >
                  <ul
                    class="ril-toolbar-left ril__toolbarSide ril__toolbarLeftSide"
                  >
                    <li
                      class="ril-toolbar__item ril__toolbarItem"
                    >
                      <h2
                        class="ril-image__title ril-toolbar__item__child ril__toolbarItemChild"
                      />
                      <p
                        class="ril-image__caption"
                      />
                    </li>
                    <li />
                  </ul>
                  <ul
                    class="ril-toolbar-right ril__toolbarSide ril__toolbarRightSide"
                  >
                    <li
                      class="ril-toolbar__item ril__toolbarItem"
                    >
                      <button
                        aria-label="Zoom out"
                        class="ril-zoom-out ril__toolbarItemChild ril__builtinButton ril__zoomOutButton ril__builtinButtonDisabled"
                        disabled=""
                        type="button"
                      >
                        <svg
                          aria-hidden="true"
                          height="24px"
                          viewBox="0 0 24 24"
                          width="24px"
                          xmlns="http://www.w3.org/2000/svg"
                        >
                          <path
                            d="M15.9715 14.4716H15.1815L14.9016 14.2016C16.1015 12.8016 16.7215 10.8916 16.3816 8.86159C15.9116 6.08156 13.5915 3.86159 10.7916 3.52157C6.56149 3.00161 3.00156 6.5616 3.52158 10.7916C3.86154 13.5916 6.08151 15.9116 8.86154 16.3816C10.8916 16.7216 12.8015 16.1016 14.2015 14.9016L14.4715 15.1816V15.9716L18.7315 20.2216C19.1416 20.6316 19.8015 20.6316 20.2115 20.2216L20.2215 20.2116C20.6316 19.8016 20.6316 19.1416 20.2215 18.7316L15.9715 14.4716ZM9.97153 14.4716C7.48154 14.4716 5.47153 12.4616 5.47153 9.97158C5.47153 7.48159 7.48154 5.47158 9.97153 5.47158C12.4615 5.47158 14.4715 7.48159 14.4715 9.97158C14.4715 12.4616 12.4615 14.4716 9.97153 14.4716ZM12.4715 9.97158C12.4715 9.69155 12.2516 9.47158 11.9715 9.47158H7.97153C7.6915 9.47158 7.47153 9.69155 7.47153 9.97158C7.47153 10.2516 7.6915 10.4716 7.97153 10.4716H11.9715C12.2516 10.4716 12.4715 10.2516 12.4715 9.97158Z"
                            fill="#ffffff"
                          />
                        </svg>
                      </button>
                    </li>
                    <li
                      class="ril-toolbar__item ril__toolbarItem"
                    >
                      <button
                        aria-label="Zoom in"
                        class="ril-zoom-in ril__toolbarItemChild ril__builtinButton ril__zoomInButton"
                        type="button"
                      >
                        <svg
                          aria-hidden="true"
                          height="24px"
                          viewBox="0 0 24 24"
                          width="24px"
                          xmlns="http://www.w3.org/2000/svg"
                        >
                          <path
                            d="M15.9707 14.4716H15.1806L14.9007 14.2016C16.1007 12.8016 16.7207 10.8916 16.3807 8.86159C15.9107 6.08156 13.5907 3.86159 10.7907 3.52157C6.56064 3.00161 3.01071 6.5616 3.52072 10.7916C3.86069 13.5916 6.08066 15.9116 8.86069 16.3816C10.8907 16.7216 12.8008 16.1016 14.2007 14.9016L14.4707 15.1816V15.9716L18.7307 20.2216C19.1407 20.6316 19.8008 20.6316 20.2107 20.2216L20.2207 20.2116C20.6307 19.8016 20.6307 19.1416 20.2207 18.7316L15.9707 14.4716ZM9.97068 14.4716C7.48069 14.4716 5.47068 12.4616 5.47068 9.97158C5.47068 7.48159 7.48069 5.47158 9.97068 5.47158C12.4607 5.47158 14.4707 7.48159 14.4707 9.97158C14.4707 12.4616 12.4607 14.4716 9.97068 14.4716ZM9.47068 7.97158C9.47068 7.69155 9.69065 7.47158 9.97068 7.47158C10.2507 7.47158 10.4707 7.69155 10.4707 7.97158V9.47158H11.9707C12.2507 9.47158 12.4707 9.69155 12.4707 9.97158C12.4707 10.2516 12.2507 10.4716 11.9707 10.4716H10.4707V11.9716C10.4707 12.2516 10.2507 12.4716 9.97068 12.4716C9.69065 12.4716 9.47068 12.2516 9.47068 11.9716V10.4716H7.97068C7.69065 10.4716 7.47068 10.2516 7.47068 9.97158C7.47068 9.69155 7.69065 9.47158 7.97068 9.47158H9.47068V7.97158Z"
                            fill="#ffffff"
                          />
                        </svg>
                      </button>
                    </li>
                    <li
                      class="ril-toolbar__item ril__toolbarItem"
                    >
                      <button
                        class="ril-close ril-toolbar__item__child ril__toolbarItemChild ril__builtinButton ril__closeButton"
                      >
                        <svg
                          aria-hidden="true"
                          height="24px"
                          viewBox="0 0 24 24"
                          width="24px"
                          xmlns="http://www.w3.org/2000/svg"
                        >
                          <path
                            d="M18.3,5.7099928 C18.1131685,5.52274013 17.8595176,5.4175072 17.595,5.4175072 C17.3304824,5.4175072 17.0768315,5.52274013 16.89,5.7099928 L12,10.5899928 L7.11,5.6999928 C6.92316847,5.51274013 6.66951764,5.4075072 6.405,5.4075072 C6.14048236,5.4075072 5.88683153,5.51274013 5.7,5.6999928 C5.31,6.0899928 5.31,6.7199928 5.7,7.1099928 L10.59,11.9999928 L5.7,16.8899928 C5.31,17.2799928 5.31,17.9099928 5.7,18.2999928 C6.09,18.6899928 6.72,18.6899928 7.11,18.2999928 L12,13.4099928 L16.89,18.2999928 C17.28,18.6899928 17.91,18.6899928 18.3,18.2999928 C18.69,17.9099928 18.69,17.2799928 18.3,16.8899928 L13.41,11.9999928 L18.3,7.1099928 C18.68,6.7299928 18.68,6.0899928 18.3,5.7099928 Z"
                            fill="#ffffff"
                          />
                        </svg>
                        <span
                          class="ril__srOnly"
                        >
                          Close lightbox
                        </span>
                      </button>
                    </li>
                  </ul>
                </div>
                <div
                  class="ril__toolbarBottom"
                />
              </div>
            </div>
          </div>
        </div>
      }
    >
      <ModalPortal
        appElement={
          <div
            aria-hidden="true"
          />
        }
        ariaHideApp={true}
        bodyOpenClassName="ReactModal__Body--open"
        closeTimeoutMS={0}
        contentLabel="Lightbox"
        defaultStyles={
          Object {
            "content": Object {
              "WebkitOverflowScrolling": "touch",
              "background": "#fff",
              "border": "1px solid #ccc",
              "borderRadius": "4px",
              "bottom": "40px",
              "left": "40px",
              "outline": "none",
              "overflow": "auto",
              "padding": "20px",
              "position": "absolute",
              "right": "40px",
              "top": "40px",
            },
            "overlay": Object {
              "backgroundColor": "rgba(255, 255, 255, 0.75)",
              "bottom": 0,
              "left": 0,
              "position": "fixed",
              "right": 0,
              "top": 0,
            },
          }
        }
        isOpen={true}
        onAfterOpen={[Function]}
        onRequestClose={[Function]}
        parentSelector={[Function]}
        portalClassName="ReactModalPortal"
        role="dialog"
        shouldCloseOnEsc={true}
        shouldCloseOnOverlayClick={true}
        shouldFocusAfterRender={true}
        shouldReturnFocusAfterClose={true}
        style={
          Object {
            "content": Object {
              "backgroundColor": "transparent",
              "border": "none",
              "borderRadius": 0,
              "bottom": 0,
              "left": 0,
              "overflow": "hidden",
              "padding": 0,
              "right": 0,
              "top": 0,
            },
            "overlay": Object {
              "backgroundColor": "transparent",
              "zIndex": 1000,
            },
          }
        }
      >
        <div
          className="ReactModal__Overlay ReactModal__Overlay--after-open"
          onClick={[Function]}
          onMouseDown={[Function]}
          style={
            Object {
              "backgroundColor": "transparent",
              "bottom": 0,
              "left": 0,
              "position": "fixed",
              "right": 0,
              "top": 0,
              "zIndex": 1000,
            }
          }
        >
          <div
            aria-label="Lightbox"
            className="ReactModal__Content ReactModal__Content--after-open"
            onClick={[Function]}
            onKeyDown={[Function]}
            onMouseDown={[Function]}
            onMouseUp={[Function]}
            role="dialog"
            style={
              Object {
                "WebkitOverflowScrolling": "touch",
                "background": "#fff",
                "backgroundColor": "transparent",
                "border": "none",
                "borderRadius": 0,
                "bottom": 0,
                "left": 0,
                "outline": "none",
                "overflow": "hidden",
                "padding": 0,
                "position": "absolute",
                "right": 0,
                "top": 0,
              }
            }
            tabIndex="-1"
          >
            <div
              className="ril-outer ril__outer ril__outerAnimating  "
              onKeyDown={[Function]}
              onKeyUp={[Function]}
              onMouseDown={[Function]}
              onMouseMove={[Function]}
              onTouchMove={[Function]}
              onTouchStart={[Function]}
              onWheel={[Function]}
              style={
                Object {
                  "animationDirection": "reverse",
                  "animationDuration": "300ms",
                  "transition": "opacity 300ms",
                }
              }
              tabIndex="-1"
            >
              <div
                className="ril-inner ril__inner"
                onClick={[Function]}
              >
                <div
                  className="ril-image-current ril__image ril-not-loaded"
                  key="/fake/image/src.jpgi0"
                  style={
                    Object {
                      "transform": "scale3d(1,1,1)",
                    }
                  }
                >
                  <div
                    className="ril__loadingContainer"
                  >
                    <div
                      className="ril-loading-circle ril__loadingCircle ril__loadingContainer__icon"
                    >
                      <div
                        className="ril-loading-circle-point ril__loadingCirclePoint"
                        key="0"
                      />
                      <div
                        className="ril-loading-circle-point ril__loadingCirclePoint"
                        key="1"
                      />
                      <div
                        className="ril-loading-circle-point ril__loadingCirclePoint"
                        key="2"
                      />
                      <div
                        className="ril-loading-circle-point ril__loadingCirclePoint"
                        key="3"
                      />
                      <div
                        className="ril-loading-circle-point ril__loadingCirclePoint"
                        key="4"
                      />
                      <div
                        className="ril-loading-circle-point ril__loadingCirclePoint"
                        key="5"
                      />
                      <div
                        className="ril-loading-circle-point ril__loadingCirclePoint"
                        key="6"
                      />
                      <div
                        className="ril-loading-circle-point ril__loadingCirclePoint"
                        key="7"
                      />
                      <div
                        className="ril-loading-circle-point ril__loadingCirclePoint"
                        key="8"
                      />
                      <div
                        className="ril-loading-circle-point ril__loadingCirclePoint"
                        key="9"
                      />
                      <div
                        className="ril-loading-circle-point ril__loadingCirclePoint"
                        key="10"
                      />
                      <div
                        className="ril-loading-circle-point ril__loadingCirclePoint"
                        key="11"
                      />
                    </div>
                  </div>
                </div>
              </div>
              <div
                className="ril-toolbar ril__toolbar"
              >
                <ul
                  className="ril-toolbar-left ril__toolbarSide ril__toolbarLeftSide"
                >
                  <li
                    className="ril-toolbar__item ril__toolbarItem"
                  >
                    <h2
                      className="ril-image__title ril-toolbar__item__child ril__toolbarItemChild"
                    />
                    <p
                      className="ril-image__caption"
                    />
                  </li>
                  <li />
                </ul>
                <ul
                  className="ril-toolbar-right ril__toolbarSide ril__toolbarRightSide"
                >
                  <li
                    className="ril-toolbar__item ril__toolbarItem"
                  >
                    <button
                      aria-label="Zoom out"
                      className="ril-zoom-out ril__toolbarItemChild ril__builtinButton ril__zoomOutButton ril__builtinButtonDisabled"
                      disabled={true}
                      key="zoom-out"
                      type="button"
                    >
                      <svg
                        aria-hidden="true"
                        height="24px"
                        viewBox="0 0 24 24"
                        width="24px"
                        xmlns="http://www.w3.org/2000/svg"
                      >
                        <path
                          d="M15.9715 14.4716H15.1815L14.9016 14.2016C16.1015 12.8016 16.7215 10.8916 16.3816 8.86159C15.9116 6.08156 13.5915 3.86159 10.7916 3.52157C6.56149 3.00161 3.00156 6.5616 3.52158 10.7916C3.86154 13.5916 6.08151 15.9116 8.86154 16.3816C10.8916 16.7216 12.8015 16.1016 14.2015 14.9016L14.4715 15.1816V15.9716L18.7315 20.2216C19.1416 20.6316 19.8015 20.6316 20.2115 20.2216L20.2215 20.2116C20.6316 19.8016 20.6316 19.1416 20.2215 18.7316L15.9715 14.4716ZM9.97153 14.4716C7.48154 14.4716 5.47153 12.4616 5.47153 9.97158C5.47153 7.48159 7.48154 5.47158 9.97153 5.47158C12.4615 5.47158 14.4715 7.48159 14.4715 9.97158C14.4715 12.4616 12.4615 14.4716 9.97153 14.4716ZM12.4715 9.97158C12.4715 9.69155 12.2516 9.47158 11.9715 9.47158H7.97153C7.6915 9.47158 7.47153 9.69155 7.47153 9.97158C7.47153 10.2516 7.6915 10.4716 7.97153 10.4716H11.9715C12.2516 10.4716 12.4715 10.2516 12.4715 9.97158Z"
                          fill="#ffffff"
                        />
                      </svg>
                    </button>
                  </li>
                  <li
                    className="ril-toolbar__item ril__toolbarItem"
                  >
                    <button
                      aria-label="Zoom in"
                      className="ril-zoom-in ril__toolbarItemChild ril__builtinButton ril__zoomInButton"
                      disabled={false}
                      key="zoom-in"
                      onClick={[Function]}
                      type="button"
                    >
                      <svg
                        aria-hidden="true"
                        height="24px"
                        viewBox="0 0 24 24"
                        width="24px"
                        xmlns="http://www.w3.org/2000/svg"
                      >
                        <path
                          d="M15.9707 14.4716H15.1806L14.9007 14.2016C16.1007 12.8016 16.7207 10.8916 16.3807 8.86159C15.9107 6.08156 13.5907 3.86159 10.7907 3.52157C6.56064 3.00161 3.01071 6.5616 3.52072 10.7916C3.86069 13.5916 6.08066 15.9116 8.86069 16.3816C10.8907 16.7216 12.8008 16.1016 14.2007 14.9016L14.4707 15.1816V15.9716L18.7307 20.2216C19.1407 20.6316 19.8008 20.6316 20.2107 20.2216L20.2207 20.2116C20.6307 19.8016 20.6307 19.1416 20.2207 18.7316L15.9707 14.4716ZM9.97068 14.4716C7.48069 14.4716 5.47068 12.4616 5.47068 9.97158C5.47068 7.48159 7.48069 5.47158 9.97068 5.47158C12.4607 5.47158 14.4707 7.48159 14.4707 9.97158C14.4707 12.4616 12.4607 14.4716 9.97068 14.4716ZM9.47068 7.97158C9.47068 7.69155 9.69065 7.47158 9.97068 7.47158C10.2507 7.47158 10.4707 7.69155 10.4707 7.97158V9.47158H11.9707C12.2507 9.47158 12.4707 9.69155 12.4707 9.97158C12.4707 10.2516 12.2507 10.4716 11.9707 10.4716H10.4707V11.9716C10.4707 12.2516 10.2507 12.4716 9.97068 12.4716C9.69065 12.4716 9.47068 12.2516 9.47068 11.9716V10.4716H7.97068C7.69065 10.4716 7.47068 10.2516 7.47068 9.97158C7.47068 9.69155 7.69065 9.47158 7.97068 9.47158H9.47068V7.97158Z"
                          fill="#ffffff"
                        />
                      </svg>
                    </button>
                  </li>
                  <li
                    className="ril-toolbar__item ril__toolbarItem"
                  >
                    <button
                      className="ril-close ril-toolbar__item__child ril__toolbarItemChild ril__builtinButton ril__closeButton"
                      key="close"
                      onClick={[Function]}
                    >
                      <svg
                        aria-hidden="true"
                        height="24px"
                        viewBox="0 0 24 24"
                        width="24px"
                        xmlns="http://www.w3.org/2000/svg"
                      >
                        <path
                          d="M18.3,5.7099928 C18.1131685,5.52274013 17.8595176,5.4175072 17.595,5.4175072 C17.3304824,5.4175072 17.0768315,5.52274013 16.89,5.7099928 L12,10.5899928 L7.11,5.6999928 C6.92316847,5.51274013 6.66951764,5.4075072 6.405,5.4075072 C6.14048236,5.4075072 5.88683153,5.51274013 5.7,5.6999928 C5.31,6.0899928 5.31,6.7199928 5.7,7.1099928 L10.59,11.9999928 L5.7,16.8899928 C5.31,17.2799928 5.31,17.9099928 5.7,18.2999928 C6.09,18.6899928 6.72,18.6899928 7.11,18.2999928 L12,13.4099928 L16.89,18.2999928 C17.28,18.6899928 17.91,18.6899928 18.3,18.2999928 C18.69,17.9099928 18.69,17.2799928 18.3,16.8899928 L13.41,11.9999928 L18.3,7.1099928 C18.68,6.7299928 18.68,6.0899928 18.3,5.7099928 Z"
                          fill="#ffffff"
                        />
                      </svg>
                      <span
                        className="ril__srOnly"
                      >
                        Close lightbox
                      </span>
                    </button>
                  </li>
                </ul>
              </div>
              <div
                className="ril__toolbarBottom"
              />
            </div>
          </div>
        </div>
      </ModalPortal>
    </Portal>
  </Modal>
</ReactImageLightbox>
`;
